// Jest Snapshot v1, https://goo.gl/fbAQLP

exports[`<Review /> render() renders the component 1`] = `
<div
  className="review-container"
>
  <div>
    <UserInfo />
  </div>
  <div
    className="review-wrapper"
  >
    <div
      className="rating-box"
    >
      <RatingBox />
    </div>
    <div>
      <TextBlock
        className="text-block"
      />
    </div>
  </div>
</div>
`;
