// Jest Snapshot v1, https://goo.gl/fbAQLP

exports[`<UserInfo /> render() renders the component 1`] = `
<div
  className="review-sidebar"
>
  <img
    className="user-avatar"
    src="https://s3.amazonaws.com/uifaces/faces/twitter/dshster/128.jpg"
  />
  <div
    className="user-info"
  >
    <div
      className="user-name"
    >
      <span
        className="user-info-text name-text"
      >
        Giovanny Reinger 
      </span>
    </div>
    <div
      className="user-location"
    >
      <span
        className="user-info-text location-text"
      >
        Caliton, VT
      </span>
    </div>
    <div
      className="user-friends"
    >
      <span
        className="friends-icon"
      >
        <FontAwesomeIcon
          border={false}
          className=""
          fixedWidth={false}
          flip={null}
          icon={
            Object {
              "icon": Array [
                640,
                512,
                Array [],
                "f500",
                "M192 256c61.9 0 112-50.1 112-112S253.9 32 192 32 80 82.1 80 144s50.1 112 112 112zm76.8 32h-8.3c-20.8 10-43.9 16-68.5 16s-47.6-6-68.5-16h-8.3C51.6 288 0 339.6 0 403.2V432c0 26.5 21.5 48 48 48h288c26.5 0 48-21.5 48-48v-28.8c0-63.6-51.6-115.2-115.2-115.2zM480 256c53 0 96-43 96-96s-43-96-96-96-96 43-96 96 43 96 96 96zm48 32h-3.8c-13.9 4.8-28.6 8-44.2 8s-30.3-3.2-44.2-8H432c-20.4 0-39.2 5.9-55.7 15.4 24.4 26.3 39.7 61.2 39.7 99.8v38.4c0 2.2-.5 4.3-.6 6.4H592c26.5 0 48-21.5 48-48 0-61.9-50.1-112-112-112z",
              ],
              "iconName": "user-friends",
              "prefix": "fas",
            }
          }
          inverse={false}
          listItem={false}
          mask={null}
          pull={null}
          pulse={false}
          rotation={null}
          size={null}
          spin={false}
          symbol={false}
          title=""
          transform={null}
        />
      </span>
      <span
        className="user-info-text"
      >
        <b>
          22
        </b>
         Friends
      </span>
    </div>
    <div
      className="user-reviews"
    >
      <span
        className="reviews-icon"
      >
        <FontAwesomeIcon
          border={false}
          className=""
          fixedWidth={false}
          flip={null}
          icon={
            Object {
              "icon": Array [
                576,
                512,
                Array [],
                "f005",
                "M259.3 17.8L194 150.2 47.9 171.5c-26.2 3.8-36.7 36.1-17.7 54.6l105.7 103-25 145.5c-4.5 26.3 23.2 46 46.4 33.7L288 439.6l130.7 68.7c23.2 12.2 50.9-7.4 46.4-33.7l-25-145.5 105.7-103c19-18.5 8.5-50.8-17.7-54.6L382 150.2 316.7 17.8c-11.7-23.6-45.6-23.9-57.4 0z",
              ],
              "iconName": "star",
              "prefix": "fas",
            }
          }
          inverse={false}
          listItem={false}
          mask={null}
          pull={null}
          pulse={false}
          rotation={null}
          size={null}
          spin={false}
          symbol={false}
          title=""
          transform={null}
        />
      </span>
      <span
        className="user-info-text"
      >
        <b>
          112
        </b>
         Reviews
      </span>
    </div>
    <div
      className="user-photos"
    >
      <span
        className="photos-icon"
      >
        <FontAwesomeIcon
          border={false}
          className=""
          fixedWidth={false}
          flip={null}
          icon={
            Object {
              "icon": Array [
                512,
                512,
                Array [],
                "f030",
                "M512 144v288c0 26.5-21.5 48-48 48H48c-26.5 0-48-21.5-48-48V144c0-26.5 21.5-48 48-48h88l12.3-32.9c7-18.7 24.9-31.1 44.9-31.1h125.5c20 0 37.9 12.4 44.9 31.1L376 96h88c26.5 0 48 21.5 48 48zM376 288c0-66.2-53.8-120-120-120s-120 53.8-120 120 53.8 120 120 120 120-53.8 120-120zm-32 0c0 48.5-39.5 88-88 88s-88-39.5-88-88 39.5-88 88-88 88 39.5 88 88z",
              ],
              "iconName": "camera",
              "prefix": "fas",
            }
          }
          inverse={false}
          listItem={false}
          mask={null}
          pull={null}
          pulse={false}
          rotation={null}
          size={null}
          spin={false}
          symbol={false}
          title=""
          transform={null}
        />
      </span>
      <span
        className="user-info-text"
      >
        <b>
          37
        </b>
         Photos
      </span>
    </div>
    <div>
      <span
        className="user-info-text elite"
      />
    </div>
  </div>
</div>
`;
